1.简单的表达式运算
接下来让我们在 Node.js REPL 的命令行窗口中执行简单的数学运算：
$ node
> 1 +4
5
> 5 / 2
2.5
> 3 * 6
18
> 4 - 1
3
> 1 + ( 2 * 3 ) - 4
3

2.使用变量
你可以将数据存储在变量中，并在你需要的使用它。
变量声明需要使用 var 关键字，如果没有使用 var 关键字变量会直接打印出来。
使用 var 关键字的变量可以使用 console.log() 来输出变量。
$ node
> x = 10
10
> var y = 10
undefined
> x + y
20
> console.log("Hello World")
Hello Workd
undefined
> console.log("www.runoob.com")
www.runoob.com
undefined

3.多行表达式
Node REPL 支持输入多行表达式，这就有点类似 JavaScript。接下来让我们来执行一个 do-while 循环：
$ node
> var x = 0
undefined
> do {
... x++;
... console.log("x: " + x);
... } while ( x < 5 );
x: 1
x: 2
x: 3
x: 4
x: 5
undefined
>

4.下划线(_)变量
你可以使用下划线(_)获取表达式的运算结果：
$ node
> var x = 10
undefined
> var y = 20
undefined
> x + y
30
> var sum = _
undefined
> console.log(sum)
30
undefined
>

5.REPL 命令
ctrl + c - 退出当前终端。
ctrl + c 按下两次 - 退出 Node REPL。
ctrl + d - 退出 Node REPL.
向上/向下 键 - 查看输入的历史命令
tab 键 - 列出当前命令
.help - 列出使用命令
.break - 退出多行表达式
.clear - 退出多行表达式
.save filename - 保存当前的 Node REPL 会话到指定文件
.load filename - 载入当前 Node REPL 会话的文件内容。
停止 REPL
前面我们已经提到按下两次 ctrl + c 建就能退出 REPL:
$ node
>
(^C again to quit)

